# serializer version: 1
# name: test_match_tuple_inexhaustive_match_output
  '''
  
  [31m[E07] Error:[0m Match does not cover all cases for type [38;5;201mMaybeBool[0m
     [38;5;246mâ•­[0m[38;5;246mâ”€[0m[38;5;246m[[0mstdin:6:1[38;5;246m][0m
     [38;5;246mâ”‚[0m
   [38;5;246m6 â”‚[0m â•­â”€â–¶ match [38;5;201mM[0m[38;5;201ma[0m[38;5;201my[0m[38;5;201mb[0m[38;5;201me[0m[38;5;201mB[0m[38;5;201mo[0m[38;5;201mo[0m[38;5;201ml[0m[38;5;201m:[0m[38;5;201m:[0m[38;5;201mN[0m[38;5;201mo[0m[38;5;201mn[0m[38;5;201me[0m {
   [38;5;240m  â”‚[0m â”‚         [38;5;201mâ”€[0m[38;5;201mâ”€[0m[38;5;201mâ”€[0m[38;5;201mâ”€[0m[38;5;201mâ”€[0m[38;5;201mâ”€[0m[38;5;201mâ”€[0m[38;5;201mâ”¬[0m[38;5;201mâ”€[0m[38;5;201mâ”€[0m[38;5;201mâ”€[0m[38;5;201mâ”€[0m[38;5;201mâ”€[0m[38;5;201mâ”€[0m[38;5;201mâ”€[0m  
   [38;5;240m  â”‚[0m â”‚                [38;5;201mâ•°[0m[38;5;201mâ”€[0m[38;5;201mâ”€[0m[38;5;201mâ”€[0m[38;5;201mâ”€[0m[38;5;201mâ”€[0m[38;5;201mâ”€[0m[38;5;201mâ”€[0m[38;5;201mâ”€[0m[38;5;201mâ”€[0m This is of type [38;5;201mMaybeBool[0m
   [38;5;240m  â”†[0m â”†   
   [38;5;246m9 â”‚[0m â”œâ”€â–¶ }
   [38;5;240m  â”‚[0m â”‚      
   [38;5;240m  â”‚[0m â•°â”€â”€â”€â”€â”€â”€ Add case block for value `MaybeBool::Some(False)`
  [38;5;246mâ”€â”€â”€â•¯[0m
  
  
  '''
# ---
