# serializer version: 1
# name: test_only_variable_output
  '''
  
  [31m[E04] Error:[0m Expected a type of [38;5;201mBool[0m but found [38;5;155mInt[0m
     [38;5;246mâ•­[0m[38;5;246mâ”€[0m[38;5;246m[[0mstdin:1:4[38;5;246m][0m
     [38;5;246mâ”‚[0m
   [38;5;246m1 â”‚[0m [38;5;249mi[0m[38;5;249mf[0m[38;5;249m [0m[38;5;155m1[0m[38;5;155m3[0m[38;5;249m [0m[38;5;249m{[0m[38;5;249m [0m[38;5;249m3[0m[38;5;249m4[0m[38;5;249m [0m[38;5;249m}[0m
   [38;5;240m  â”‚[0m    [38;5;155mâ”€[0m[38;5;155mâ”¬[0m  
   [38;5;240m  â”‚[0m     [38;5;155mâ•°[0m[38;5;155mâ”€[0m[38;5;155mâ”€[0m This is of type [38;5;155mInt[0m
  [38;5;246mâ”€â”€â”€â•¯[0m
  
  
  '''
# ---
