# serializer version: 1
# name: test_undeclared_assignment_output
  '''
  
  [31m[E03] Error:[0m Variable [38;5;201mx[0m not defined in this scope
     [38;5;246mâ•­[0m[38;5;246mâ”€[0m[38;5;246m[[0mstdin:1:1[38;5;246m][0m
     [38;5;246mâ”‚[0m
   [38;5;246m1 â”‚[0m [38;5;201mx[0m[38;5;249m=[0m[38;5;249m2[0m
   [38;5;240m  â”‚[0m [38;5;201mâ”¬[0m  
   [38;5;240m  â”‚[0m [38;5;201mâ•°[0m[38;5;201mâ”€[0m[38;5;201mâ”€[0m Not defined
  [38;5;246mâ”€â”€â”€â•¯[0m
  
  
  '''
# ---
