# serializer version: 1
# name: test_only_variable_output
  '''
  
  [31m[E06] Error:[0m Duplicated case found in match expression
     [38;5;246mâ•­[0m[38;5;246mâ”€[0m[38;5;246m[[0mstdin:5:10[38;5;246m][0m
     [38;5;246mâ”‚[0m
   [38;5;246m2 â”‚[0m [38;5;249m [0m[38;5;249m [0m[38;5;249m [0m[38;5;249m [0m[38;5;249mc[0m[38;5;249ma[0m[38;5;249ms[0m[38;5;249me[0m[38;5;249m [0m[38;5;201mt[0m[38;5;201mr[0m[38;5;201mu[0m[38;5;201me[0m[38;5;249m [0m[38;5;249m{[0m
   [38;5;240m  â”‚[0m          [38;5;201mâ”€[0m[38;5;201mâ”€[0m[38;5;201mâ”¬[0m[38;5;201mâ”€[0m  
   [38;5;240m  â”‚[0m            [38;5;201mâ•°[0m[38;5;201mâ”€[0m[38;5;201mâ”€[0m[38;5;201mâ”€[0m This case is handled first here...
   [38;5;240m  â”‚[0m 
   [38;5;246m5 â”‚[0m [38;5;249m [0m[38;5;249m [0m[38;5;249m [0m[38;5;249m [0m[38;5;249mc[0m[38;5;249ma[0m[38;5;249ms[0m[38;5;249me[0m[38;5;249m [0m[38;5;201mt[0m[38;5;201mr[0m[38;5;201mu[0m[38;5;201me[0m[38;5;249m [0m[38;5;249m{[0m
   [38;5;240m  â”‚[0m          [38;5;201mâ”€[0m[38;5;201mâ”€[0m[38;5;201mâ”¬[0m[38;5;201mâ”€[0m  
   [38;5;240m  â”‚[0m            [38;5;201mâ•°[0m[38;5;201mâ”€[0m[38;5;201mâ”€[0m[38;5;201mâ”€[0m ...and duplicated here
  [38;5;246mâ”€â”€â”€â•¯[0m
  
  
  '''
# ---
