# serializer version: 1
# name: test_only_variable_output
  '''
  
  [31m[E07] Error:[0m Match does not cover all cases for type [38;5;201mBool[0m
     [38;5;246mâ•­[0m[38;5;246mâ”€[0m[38;5;246m[[0mstdin:1:1[38;5;246m][0m
     [38;5;246mâ”‚[0m
   [38;5;246m1 â”‚[0m â•­â”€â–¶ match [38;5;201mt[0m[38;5;201mr[0m[38;5;201mu[0m[38;5;201me[0m {
   [38;5;240m  â”‚[0m â”‚         [38;5;201mâ”€[0m[38;5;201mâ”€[0m[38;5;201mâ”¬[0m[38;5;201mâ”€[0m  
   [38;5;240m  â”‚[0m â”‚           [38;5;201mâ•°[0m[38;5;201mâ”€[0m[38;5;201mâ”€[0m[38;5;201mâ”€[0m This is of type [38;5;201mBool[0m
   [38;5;240m  â”†[0m â”†   
   [38;5;246m5 â”‚[0m â”œâ”€â–¶ }
   [38;5;240m  â”‚[0m â”‚      
   [38;5;240m  â”‚[0m â•°â”€â”€â”€â”€â”€â”€ Add case block for value `False`
  [38;5;246mâ”€â”€â”€â•¯[0m
  
  
  '''
# ---
